Line 18: Class MwfCtl.MWCTL_BTN1 of control CmdPDMLst was not a loaded control class.
Line 40: Class MwfCtl.MWCTL_BTN1 of control CmdMktPdf was not a loaded control class.
Line 66: Class MwfCtl.MWCTL_BTN1 of control CmdDsgMat was not a loaded control class.
Line 89: Class MwfCtl.MWCTL_BTN1 of control CmdPushCurr was not a loaded control class.
Line 112: Class MwfCtl.MWCTL_BTN1 of control CmdCpyRm was not a loaded control class.
Line 135: Class MwfCtl.MWCTL_BTN1 of control CmdCpyFgBag was not a loaded control class.
Line 157: Class MwfCtl.MWCTL_BTN1 of control CmdSumm was not a loaded control class.
Line 179: Class MwfCtl.MWCTL_BTN1 of control CmdCpy was not a loaded control class.
Line 212: Class MwfCtl.MWCTL_ADC of control ADC was not a loaded control class.
Line 233: Class MwfCtl.MWCTL_MED of control ATXT was not a loaded control class.
Line 248: Class MwfCtl.MWCTL_MED of control ATXT was not a loaded control class.
Line 263: Class MwfCtl.MWCTL_MED of control ATXT was not a loaded control class.
Line 278: Class MwfCtl.MWCTL_MED of control ATXT was not a loaded control class.
Line 294: Class MwfCtl.MWCTL_MED of control ATXT was not a loaded control class.
Line 374: Class MwfCtl.MWCTL_BTN1 of control CmdOpnPdf was not a loaded control class.
Line 444: Class MwfCtl.MWCTL_MED of control ATXT was not a loaded control class.
Line 482: Class MwfCtl.MWCTL_MED of control ATXT was not a loaded control class.
Line 498: Class TabDlg.SSTab of control TabDesgnDet was not a loaded control class.
Line 581: Class MwfCtl.MWCTL_FLX of control GrdDsgAllow was not a loaded control class.
Line 636: Class MwfCtl.MWCTL_FLX of control GrdPrcPrd was not a loaded control class.
Line 794: Class MwfCtl.MWCTL_FLX of control GrdDsgPrm was not a loaded control class.
Line 816: Class MwfCtl.MWCTL_FLX of control GrdDsgPrmDet was not a loaded control class.
Line 842: Class MwfCtl.MWCTL_FLX of control GrdDsgRm was not a loaded control class.
Line 1004: Class MwfCtl.MWCTL_FLX of control GrdDsgModAvl was not a loaded control class.
Line 1042: Class MwfCtl.MWCTL_FLX of control GrdDsgCT was not a loaded control class.
Line 1144: Class MwfCtl.MWCTL_MED of control ATXT was not a loaded control class.
Line 1188: Class MwfCtl.MWCTL_MED of control ATXT was not a loaded control class.
Line 1232: Class MwfCtl.MWCTL_FLX of control GrdDsgAna was not a loaded control class.
Line 1283: Class MwfCtl.MWCTL_FLX of control GrdDsgLab was not a loaded control class.
Line 1342: Class MwfCtl.MWCTL_MED of control ATXT was not a loaded control class.
Line 1359: Class MwfCtl.MWCTL_MED of control ATXT was not a loaded control class.
Line 1374: Class MwfCtl.MWCTL_MED of control ATXT was not a loaded control class.
Line 1389: Class MwfCtl.MWCTL_MED of control ATXT was not a loaded control class.
Line 1406: Class MwfCtl.MWCTL_MED of control ATXT was not a loaded control class.
Line 1421: Class MwfCtl.MWCTL_MED of control ATXT was not a loaded control class.
Line 1436: Class MwfCtl.MWCTL_MED of control ATXT was not a loaded control class.
Line 1451: Class MwfCtl.MWCTL_MED of control ATXT was not a loaded control class.
Line 1466: Class MwfCtl.MWCTL_MED of control ATXT was not a loaded control class.
Line 1480: Class MwfCtl.MWCTL_MED of control ATXT was not a loaded control class.
Line 1494: Class MwfCtl.MWCTL_MED of control ATXT was not a loaded control class.
Line 1509: Class MwfCtl.MWCTL_MED of control ATXT was not a loaded control class.
Line 1524: Class MwfCtl.MWCTL_MED of control ATXT was not a loaded control class.
Line 1540: Class MwfCtl.MWCTL_MED of control ATXT was not a loaded control class.
Line 1555: Class MwfCtl.MWCTL_MED of control ATXT was not a loaded control class.
Line 1570: Class MwfCtl.MWCTL_MED of control ATXT was not a loaded control class.
Line 1585: Class MwfCtl.MWCTL_MED of control ATXT was not a loaded control class.
Line 1600: Class MwfCtl.MWCTL_MED of control ATXT was not a loaded control class.
Line 1615: Class MwfCtl.MWCTL_MED of control ATXT was not a loaded control class.
Line 1632: Class MwfCtl.MWCTL_MED of control ATXT was not a loaded control class.
Line 1649: Class MwfCtl.MWCTL_MED of control ATXT was not a loaded control class.
Line 1664: Class MwfCtl.MWCTL_MED of control ATXT was not a loaded control class.
Line 1679: Class MwfCtl.MWCTL_MED of control ATXT was not a loaded control class.
Line 1693: Class MwfCtl.MWCTL_MED of control ATXT was not a loaded control class.
Line 1710: Class MwfCtl.MWCTL_MED of control ATXT was not a loaded control class.
Line 1727: Class MwfCtl.MWCTL_MED of control ATXT was not a loaded control class.
Line 1744: Class MwfCtl.MWCTL_MED of control ATXT was not a loaded control class.
Line 1761: Class MwfCtl.MWCTL_MED of control ATXT was not a loaded control class.
Line 1778: Class MwfCtl.MWCTL_MED of control ATXT was not a loaded control class.
Line 1794: Class MwfCtl.MWCTL_MED of control ATXT was not a loaded control class.
Line 1809: Class MwfCtl.MWCTL_MED of control ATXT was not a loaded control class.
Line 1824: Class MwfCtl.MWCTL_MED of control ATXT was not a loaded control class.
Line 1839: Class MwfCtl.MWCTL_MED of control ATXT was not a loaded control class.
Line 1855: Class MwfCtl.MWCTL_MED of control ATXT was not a loaded control class.
Line 1871: Class MwfCtl.MWCTL_MED of control ATXT was not a loaded control class.
Line 1886: Class MwfCtl.MWCTL_MED of control ATXT was not a loaded control class.
Line 2551: Class MwfCtl.MWCTL_MED of control ATXT was not a loaded control class.
Line 2566: Class MwfCtl.MWCTL_MED of control ATXT was not a loaded control class.
Line 2582: Class MwfCtl.MWCTL_MED of control ATXT was not a loaded control class.
Line 2596: Class MwfCtl.MWCTL_MED of control ATXT was not a loaded control class.
Line 2788: Class MwfCtl.MWCTL_MED of control ATXT was not a loaded control class.
Line 2805: Class MwfCtl.MWCTL_FLX of control GrdSumm was not a loaded control class.
Line 2837: Class MwfCtl.MWCTL_MED of control ATXT was not a loaded control class.
Line 2854: Class MwfCtl.MWCTL_MED of control ATXT was not a loaded control class.
Line 2871: Class MwfCtl.MWCTL_MED of control ATXT was not a loaded control class.
Line 2888: Class MwfCtl.MWCTL_MED of control ATXT was not a loaded control class.
Line 2905: Class MwfCtl.MWCTL_MED of control ATXT was not a loaded control class.
Line 2922: Class MwfCtl.MWCTL_MED of control ATXT was not a loaded control class.
Line 2939: Class MwfCtl.MWCTL_MED of control ATXT was not a loaded control class.
Line 2956: Class MwfCtl.MWCTL_MED of control ATXT was not a loaded control class.
Line 2973: Class MwfCtl.MWCTL_MED of control ATXT was not a loaded control class.
Line 2990: Class MwfCtl.MWCTL_MED of control ATXT was not a loaded control class.
Line 3007: Class MwfCtl.MWCTL_MED of control ATXT was not a loaded control class.
Line 3022: Class MwfCtl.MWCTL_MED of control ATXT was not a loaded control class.
Line 3035: Class MwfCtl.MWCTL_MED of control ATXT was not a loaded control class.
Line 3052: Class MwfCtl.MWCTL_MED of control ATXT was not a loaded control class.
Line 3513: Class MwfCtl.MWCTL_BTN1 of control CmdPrtRmCpyGo was not a loaded control class.
Line 3535: Class MwfCtl.MWCTL_FLX of control GrdDsgTgt was not a loaded control class.
Line 3597: Class MwfCtl.MWCTL_BTN1 of control CmdCpyGo was not a loaded control class.
Line 3619: Class MwfCtl.MWCTL_MED of control ATXT was not a loaded control class.
Line 3633: Class MwfCtl.MWCTL_MED of control ATXT was not a loaded control class.
Line 3647: Class MwfCtl.MWCTL_MED of control ATXT was not a loaded control class.
Line 3745: Class MwfCtl.MWCTL_FLX of control GrdPDMLst was not a loaded control class.
Line 3886: Class MwfCtl.MWCTL_MED of control ATXT was not a loaded control class.
Line 3900: Class MwfCtl.MWCTL_MED of control ATXT was not a loaded control class.
Line 3914: Class MwfCtl.MWCTL_BTN1 of control CmdCpyFgBagFill was not a loaded control class.
Line 3975: Class MwfCtl.MWCTL_BTN1 of control CmdCpyFgBagGo was not a loaded control class.
Line 3997: Class MwfCtl.MWCTL_MED of control ATXT was not a loaded control class.
Line 4012: Class MwfCtl.MWCTL_MED of control ATXT was not a loaded control class.
Line 4027: Class MwfCtl.MWCTL_MED of control ATXT was not a loaded control class.
Line 4042: Class MwfCtl.MWCTL_MED of control ATXT was not a loaded control class.
Line 4059: Class MwfCtl.MWCTL_FLX of control GrdCpyFgBag was not a loaded control class.
